[themesbrand.com/hybrix/html/html/index.html]
[backblue.gif]
[fade.gif]
[index.html]
[themesbrand.com/hybrix/html/html/assets/images/favicon.ico]
[themesbrand.com/hybrix/html/html/assets/libs/jsvectormap/css/jsvectormap.min.css]
[themesbrand.com/hybrix/html/html/assets/libs/swiper/swiper-bundle.min.css]
[themesbrand.com/hybrix/html/html/assets/js/layout.js]
[themesbrand.com/hybrix/html/html/assets/css/bootstrap.min.css]
[themesbrand.com/hybrix/html/html/assets/css/app.min.css]
[themesbrand.com/hybrix/html/html/assets/css/icons.min.css]
[themesbrand.com/hybrix/html/html/assets/images/logo-sm.png]
[themesbrand.com/hybrix/html/html/assets/images/logo-dark.png]
[themesbrand.com/hybrix/html/html/assets/images/logo-light.png]
[themesbrand.com/hybrix/html/html/assets/images/brands/github.png]
[themesbrand.com/hybrix/html/html/assets/images/brands/bitbucket.png]
[themesbrand.com/hybrix/html/html/assets/images/brands/dribbble.png]
[themesbrand.com/hybrix/html/html/assets/images/brands/dropbox.png]
[themesbrand.com/hybrix/html/html/assets/images/brands/mail_chimp.png]
[themesbrand.com/hybrix/html/html/assets/images/brands/slack.png]
[themesbrand.com/hybrix/html/html/assets/images/products/img-1.png]
[themesbrand.com/hybrix/html/html/assets/images/products/img-2.png]
[themesbrand.com/hybrix/html/html/assets/images/products/img-3.png]
[themesbrand.com/hybrix/html/html/assets/images/products/img-6.png]
[themesbrand.com/hybrix/html/html/assets/images/products/img-5.png]
[themesbrand.com/hybrix/html/html/assets/images/users/avatar-2.jpg]
[themesbrand.com/hybrix/html/html/assets/images/users/avatar-8.jpg]
[themesbrand.com/hybrix/html/html/assets/images/users/avatar-1.jpg]
[themesbrand.com/hybrix/html/html/pages-profile.html]
[themesbrand.com/hybrix/html/html/pages-profile-settings.html]
[themesbrand.com/hybrix/html/html/pages-faqs.html]
[themesbrand.com/hybrix/html/html/auth-lockscreen-basic.html]
[themesbrand.com/hybrix/html/html/auth-logout-basic.html]
[themesbrand.com/hybrix/html/html/assets/images/users/avatar-7.jpg]
[themesbrand.com/hybrix/html/html/assets/images/users/avatar-5.jpg]
[themesbrand.com/hybrix/html/html/auth-signin-basic.html]
[themesbrand.com/hybrix/html/html/auth-signin-basic-2.html]
[themesbrand.com/hybrix/html/html/auth-signin-cover.html]
[themesbrand.com/hybrix/html/html/auth-signup-basic.html]
[themesbrand.com/hybrix/html/html/auth-signup-basic-2.html]
[themesbrand.com/hybrix/html/html/auth-signup-cover.html]
[themesbrand.com/hybrix/html/html/auth-pass-reset-basic.html]
[themesbrand.com/hybrix/html/html/auth-pass-reset-basic-2.html]
[themesbrand.com/hybrix/html/html/auth-pass-reset-cover.html]
[themesbrand.com/hybrix/html/html/auth-pass-change-basic.html]
[themesbrand.com/hybrix/html/html/auth-pass-change-basic-2.html]
[themesbrand.com/hybrix/html/html/auth-pass-change-cover.html]
[themesbrand.com/hybrix/html/html/auth-lockscreen-basic-2.html]
[themesbrand.com/hybrix/html/html/auth-lockscreen-cover.html]
[themesbrand.com/hybrix/html/html/auth-logout-basic-2.html]
[themesbrand.com/hybrix/html/html/auth-logout-cover.html]
[themesbrand.com/hybrix/html/html/auth-success-msg-basic.html]
[themesbrand.com/hybrix/html/html/auth-success-msg-basic-2.html]
[themesbrand.com/hybrix/html/html/auth-success-msg-cover.html]
[themesbrand.com/hybrix/html/html/auth-twostep-basic.html]
[themesbrand.com/hybrix/html/html/auth-twostep-basic-2.html]
[themesbrand.com/hybrix/html/html/auth-twostep-cover.html]
[themesbrand.com/hybrix/html/html/auth-404-basic.html]
[themesbrand.com/hybrix/html/html/auth-404-cover.html]
[themesbrand.com/hybrix/html/html/auth-404-alt.html]
[themesbrand.com/hybrix/html/html/auth-500.html]
[themesbrand.com/hybrix/html/html/auth-offline.html]
[themesbrand.com/hybrix/html/html/pages-starter.html]
[themesbrand.com/hybrix/html/html/pages-team.html]
[themesbrand.com/hybrix/html/html/pages-timeline.html]
[themesbrand.com/hybrix/html/html/pages-pricing.html]
[themesbrand.com/hybrix/html/html/pages-maintenance.html]
[themesbrand.com/hybrix/html/html/pages-coming-soon.html]
[themesbrand.com/hybrix/html/html/pages-sitemap.html]
[themesbrand.com/hybrix/html/html/pages-search-results.html]
[themesbrand.com/hybrix/html/html/widgets.html]
[themesbrand.com/hybrix/html/html/components.html]
[themesbrand.com/hybrix/html/html/apps-calendar.html]
[themesbrand.com/hybrix/html/html/apps-api-key.html]
[themesbrand.com/hybrix/html/html/apps-contact.html]
[themesbrand.com/hybrix/html/html/apps-leaderboards.html]
[themesbrand.com/hybrix/html/html/layouts-horizontal.html]
[themesbrand.com/hybrix/html/html/layouts-detached.html]
[themesbrand.com/hybrix/html/html/layouts-two-column.html]
[themesbrand.com/hybrix/html/html/layouts-vertical-hovered.html]
[themesbrand.com/hybrix/html/html/assets/images/users/avatar-4.jpg]
[themesbrand.com/hybrix/html/html/assets/images/users/avatar-3.jpg]
[themesbrand.com/hybrix/html/html/assets/images/users/avatar-10.jpg]
[themesbrand.com/hybrix/html/html/assets/images/users/avatar-9.jpg]
[themesbrand.com/hybrix/html/html/assets/images/products/img-8.png]
[themesbrand.com/hybrix/html/html/assets/images/products/img-4.png]
[themesbrand.com/hybrix/html/html/assets/images/products/img-9.png]
[themesbrand.com/hybrix/html/html/assets/images/users/avatar-6.jpg]
[themesbrand.com/hybrix/html/html/assets/images/sidebar/img-1.jpg]
[themesbrand.com/hybrix/html/html/assets/images/sidebar/img-2.jpg]
[themesbrand.com/hybrix/html/html/assets/images/sidebar/img-3.jpg]
[themesbrand.com/hybrix/html/html/assets/images/sidebar/img-4.jpg]
[themesbrand.com/hybrix/html/html/assets/libs/bootstrap/js/bootstrap.bundle.min.js]
[themesbrand.com/hybrix/html/html/assets/libs/simplebar/simplebar.min.js]
[themesbrand.com/hybrix/html/html/assets/js/pages/plugins/lord-icon-2.1.0.js]
[themesbrand.com/hybrix/html/html/assets/js/plugins.js]
[themesbrand.com/hybrix/html/html/assets/libs/jsvectormap/js/jsvectormap.min.js]
[themesbrand.com/hybrix/html/html/assets/libs/jsvectormap/maps/world-merc.js]
[themesbrand.com/hybrix/html/html/assets/libs/apexcharts/apexcharts.min.js]
[themesbrand.com/hybrix/html/html/assets/js/pages/dashboard-ecommerce.init.js]
[themesbrand.com/hybrix/html/html/assets/libs/swiper/swiper-bundle.min.js]
[themesbrand.com/hybrix/html/html/index.html]
[themesbrand.com/hybrix/html/html/assets/libs/jsvectormap/css/jsvectormap.min.css]
[themesbrand.com/hybrix/html/html/assets/libs/swiper/swiper-bundle.min.css]
[themesbrand.com/hybrix/html/html/assets/css/bootstrap.min.css]
[themesbrand.com/hybrix/html/html/assets/js/app.js]
[themesbrand.com/hybrix/html/html/assets/fonts/materialdesignicons-webfont1d2d.eot]
[themesbrand.com/hybrix/html/html/assets/fonts/materialdesignicons-webfontd41d.eot]
[themesbrand.com/hybrix/html/html/assets/fonts/materialdesignicons-webfont1d2d.woff]
[themesbrand.com/hybrix/html/html/assets/fonts/materialdesignicons-webfont1d2d.ttf]
[themesbrand.com/hybrix/html/html/assets/fonts/boxicons.eot]
[themesbrand.com/hybrix/html/html/assets/fonts/boxicons.woff]
[themesbrand.com/hybrix/html/html/assets/fonts/boxicons.ttf]
[themesbrand.com/hybrix/html/html/assets/fonts/remixicondf6d.eot]
[themesbrand.com/hybrix/html/html/assets/fonts/remixicondf6d.woff]
[themesbrand.com/hybrix/html/html/assets/fonts/remixicondf6d.ttf]
[themesbrand.com/hybrix/html/html/assets/fonts/bootstrap-iconsbf04.woff]
[themesbrand.com/hybrix/html/html/assets/css/icons.min.css]
[themesbrand.com/hybrix/html/html/assets/css/app.min.css]
[themesbrand.com/hybrix/html/html/assets/css/custom.min.css]
[themesbrand.com/hybrix/html/html/assets/images/flags/us.svg]
[themesbrand.com/hybrix/html/html/assets/images/flags/spain.svg]
[themesbrand.com/hybrix/html/html/assets/images/flags/germany.svg]
[themesbrand.com/hybrix/html/html/assets/images/flags/italy.svg]
[themesbrand.com/hybrix/html/html/assets/images/flags/russia.svg]
[themesbrand.com/hybrix/html/html/assets/images/flags/china.svg]
[themesbrand.com/hybrix/html/html/assets/images/flags/french.svg]
[themesbrand.com/hybrix/html/html/assets/images/flags/ae.svg]
[themesbrand.com/hybrix/html/html/assets/images/profile-bg.jpg]
[themesbrand.com/hybrix/html/html/assets/images/small/img-3.jpg]
[themesbrand.com/hybrix/html/html/assets/images/small/img-5.jpg]
[themesbrand.com/hybrix/html/html/assets/images/small/img-7.jpg]
[themesbrand.com/hybrix/html/html/assets/images/small/img-9.jpg]
[themesbrand.com/hybrix/html/html/assets/images/companies/img-1.png]
[themesbrand.com/hybrix/html/html/assets/images/companies/img-2.png]
[themesbrand.com/hybrix/html/html/assets/images/companies/img-3.png]
[themesbrand.com/hybrix/html/html/assets/images/companies/img-5.png]
[themesbrand.com/hybrix/html/html/assets/images/companies/img-6.png]
[themesbrand.com/hybrix/html/html/assets/images/companies/img-4.png]
[themesbrand.com/hybrix/html/html/assets/images/companies/img-8.png]
[themesbrand.com/hybrix/html/html/assets/images/companies/img-7.png]
[themesbrand.com/hybrix/html/html/assets/js/pages/profile.init.js]
[themesbrand.com/hybrix/html/html/pages-profile.html]
[themesbrand.com/hybrix/html/html/assets/images/faq.png]
[themesbrand.com/hybrix/html/html/pages-faqs.html]
[themesbrand.com/hybrix/html/html/assets/js/pages/passowrd-create.init.js]
[themesbrand.com/hybrix/html/html/assets/js/pages/profile-setting.init.js]
[themesbrand.com/hybrix/html/html/pages-profile-settings.html]
[themesbrand.com/hybrix/html/html/assets/images/logo-light-full.png]
[themesbrand.com/hybrix/html/html/assets/images/effect-pattern/auth-effect-2.png]
[themesbrand.com/hybrix/html/html/assets/images/effect-pattern/auth-effect.png]
[themesbrand.com/hybrix/html/html/auth-lockscreen-basic.html]
[themesbrand.com/hybrix/html/html/auth-logout-basic.html]
[themesbrand.com/hybrix/html/html/assets/js/pages/password-addon.init.js]
[themesbrand.com/hybrix/html/html/auth-signin-basic.html]
[themesbrand.com/hybrix/html/html/auth-signin-basic-2.html]
[themesbrand.com/hybrix/html/html/auth-signin-cover.html]
[themesbrand.com/hybrix/html/html/assets/js/pages/form-validation.init.js]
[themesbrand.com/hybrix/html/html/auth-signup-basic.html]
[themesbrand.com/hybrix/html/html/auth-signup-basic-2.html]
[themesbrand.com/hybrix/html/html/auth-signup-cover.html]
[themesbrand.com/hybrix/html/html/auth-pass-reset-basic.html]
[themesbrand.com/hybrix/html/html/assets/js/pages/two-step-verification.init.js]
[themesbrand.com/hybrix/html/html/auth-pass-reset-basic-2.html]
[themesbrand.com/hybrix/html/html/auth-pass-reset-cover.html]
[themesbrand.com/hybrix/html/html/auth-pass-change-basic.html]
[themesbrand.com/hybrix/html/html/auth-pass-change-basic-2.html]
[themesbrand.com/hybrix/html/html/auth-pass-change-cover.html]
[themesbrand.com/hybrix/html/html/auth-lockscreen-basic-2.html]
[themesbrand.com/hybrix/html/html/auth-lockscreen-cover.html]
[themesbrand.com/hybrix/html/html/auth-logout-basic-2.html]
[themesbrand.com/hybrix/html/html/auth-logout-cover.html]
[themesbrand.com/hybrix/html/html/auth-success-msg-basic.html]
[themesbrand.com/hybrix/html/html/auth-success-msg-basic-2.html]
[themesbrand.com/hybrix/html/html/auth-success-msg-cover.html]
[themesbrand.com/hybrix/html/html/auth-twostep-basic.html]
[themesbrand.com/hybrix/html/html/auth-twostep-basic-2.html]
[themesbrand.com/hybrix/html/html/auth-twostep-cover.html]
[themesbrand.com/hybrix/html/html/assets/images/error400.png]
[themesbrand.com/hybrix/html/html/auth-404-basic.html]
[themesbrand.com/hybrix/html/html/auth-404-cover.html]
[themesbrand.com/hybrix/html/html/auth-404-alt.html]
[themesbrand.com/hybrix/html/html/assets/images/error500.png]
[themesbrand.com/hybrix/html/html/auth-500.html]
[themesbrand.com/hybrix/html/html/auth-offline.html]
[themesbrand.com/hybrix/html/html/pages-starter.html]
[themesbrand.com/hybrix/html/html/assets/libs/tom-select/js/tom-select.base.min.js]
[themesbrand.com/hybrix/html/html/assets/images/users/user-dummy-img.jpg]
[themesbrand.com/hybrix/html/html/pages-team.html]
[themesbrand.com/hybrix/html/html/assets/js/pages/team.init.js]
[themesbrand.com/hybrix/html/html/assets/js/pages/timeline.init.js]
[themesbrand.com/hybrix/html/html/pages-timeline.html]
[themesbrand.com/hybrix/html/html/assets/js/pages/pricing.init.js]
[themesbrand.com/hybrix/html/html/pages-pricing.html]
[themesbrand.com/hybrix/html/html/assets/images/maintenance.png]
[themesbrand.com/hybrix/html/html/pages-maintenance.html]
[themesbrand.com/hybrix/html/html/assets/images/comingsoon.png]
[themesbrand.com/hybrix/html/html/assets/js/pages/coming-soon.init.js]
[themesbrand.com/hybrix/html/html/pages-coming-soon.html]
[themesbrand.com/hybrix/html/html/pages-sitemap.html]
[themesbrand.com/hybrix/html/html/assets/libs/glightbox/css/glightbox.min.css]
[themesbrand.com/hybrix/html/html/assets/images/small/img-1.jpg]
[themesbrand.com/hybrix/html/html/assets/images/small/img-4.jpg]
[themesbrand.com/hybrix/html/html/assets/images/small/img-2.jpg]
[themesbrand.com/hybrix/html/html/assets/images/small/img-8.jpg]
[themesbrand.com/hybrix/html/html/assets/images/small/img-12.jpg]
[themesbrand.com/hybrix/html/html/assets/images/small/img-6.jpg]
[themesbrand.com/hybrix/html/html/assets/images/small/img-11.jpg]
[themesbrand.com/hybrix/html/html/assets/images/small/img-10.jpg]
[themesbrand.com/hybrix/html/html/assets/libs/glightbox/js/glightbox.min.js]
[themesbrand.com/hybrix/html/html/assets/js/pages/search-result.init.js]
[themesbrand.com/hybrix/html/html/pages-search-results.html]
[img.themesbrand.com/velzon/apexchart-js/stock-prices.js]
[themesbrand.com/hybrix/html/html/widgets.html]
[themesbrand.com/hybrix/html/html/assets/js/pages/widgets.init.js]
[themesbrand.com/hybrix/html/html/assets/libs/jsvectormap/maps/us-merc-en.js]
[themesbrand.com/hybrix/html/html/ui-alerts.html]
[themesbrand.com/hybrix/html/html/ui-badges.html]
[themesbrand.com/hybrix/html/html/ui-buttons.html]
[themesbrand.com/hybrix/html/html/ui-colors.html]
[themesbrand.com/hybrix/html/html/ui-cards.html]
[themesbrand.com/hybrix/html/html/ui-carousel.html]
[themesbrand.com/hybrix/html/html/ui-dropdowns.html]
[themesbrand.com/hybrix/html/html/ui-grid.html]
[themesbrand.com/hybrix/html/html/ui-images.html]
[themesbrand.com/hybrix/html/html/ui-tabs.html]
[themesbrand.com/hybrix/html/html/ui-accordions.html]
[themesbrand.com/hybrix/html/html/ui-modals.html]
[themesbrand.com/hybrix/html/html/ui-offcanvas.html]
[themesbrand.com/hybrix/html/html/ui-placeholders.html]
[themesbrand.com/hybrix/html/html/ui-progress.html]
[themesbrand.com/hybrix/html/html/ui-notifications.html]
[themesbrand.com/hybrix/html/html/ui-media.html]
[themesbrand.com/hybrix/html/html/ui-embed-video.html]
[themesbrand.com/hybrix/html/html/ui-typography.html]
[themesbrand.com/hybrix/html/html/ui-lists.html]
[themesbrand.com/hybrix/html/html/ui-general.html]
[themesbrand.com/hybrix/html/html/ui-utilities.html]
[themesbrand.com/hybrix/html/html/advance-ui-sweetalerts.html]
[themesbrand.com/hybrix/html/html/advance-ui-nestable.html]
[themesbrand.com/hybrix/html/html/advance-ui-scrollbar.html]
[themesbrand.com/hybrix/html/html/advance-ui-swiper.html]
[themesbrand.com/hybrix/html/html/advance-ui-ratings.html]
[themesbrand.com/hybrix/html/html/advance-ui-highlight.html]
[themesbrand.com/hybrix/html/html/advance-ui-scrollspy.html]
[themesbrand.com/hybrix/html/html/ui-ribbons.html]
[themesbrand.com/hybrix/html/html/ui-profile.html]
[themesbrand.com/hybrix/html/html/ui-counter.html]
[themesbrand.com/hybrix/html/html/forms-elements.html]
[themesbrand.com/hybrix/html/html/forms-select.html]
[themesbrand.com/hybrix/html/html/forms-checkboxs-radios.html]
[themesbrand.com/hybrix/html/html/forms-pickers.html]
[themesbrand.com/hybrix/html/html/forms-masks.html]
[themesbrand.com/hybrix/html/html/forms-advanced.html]
[themesbrand.com/hybrix/html/html/forms-range-sliders.html]
[themesbrand.com/hybrix/html/html/forms-validation.html]
[themesbrand.com/hybrix/html/html/forms-wizard.html]
[themesbrand.com/hybrix/html/html/forms-editors.html]
[themesbrand.com/hybrix/html/html/forms-file-uploads.html]
[themesbrand.com/hybrix/html/html/forms-tom-select.html]
[themesbrand.com/hybrix/html/html/forms-layouts.html]
[themesbrand.com/hybrix/html/html/tables-basic.html]
[themesbrand.com/hybrix/html/html/tables-gridjs.html]
[themesbrand.com/hybrix/html/html/tables-listjs.html]
[themesbrand.com/hybrix/html/html/tables-datatables.html]
[themesbrand.com/hybrix/html/html/charts-apex-line.html]
[themesbrand.com/hybrix/html/html/charts-apex-area.html]
[themesbrand.com/hybrix/html/html/charts-apex-column.html]
[themesbrand.com/hybrix/html/html/charts-apex-bar.html]
[themesbrand.com/hybrix/html/html/charts-apex-mixed.html]
[themesbrand.com/hybrix/html/html/charts-apex-timeline.html]
[themesbrand.com/hybrix/html/html/charts-apex-candlestick.html]
[themesbrand.com/hybrix/html/html/charts-apex-boxplot.html]
[themesbrand.com/hybrix/html/html/charts-apex-bubble.html]
[themesbrand.com/hybrix/html/html/charts-apex-scatter.html]
[themesbrand.com/hybrix/html/html/charts-apex-heatmap.html]
[themesbrand.com/hybrix/html/html/charts-apex-treemap.html]
[themesbrand.com/hybrix/html/html/charts-apex-pie.html]
[themesbrand.com/hybrix/html/html/charts-apex-radialbar.html]
[themesbrand.com/hybrix/html/html/charts-apex-radar.html]
[themesbrand.com/hybrix/html/html/charts-apex-polar.html]
[themesbrand.com/hybrix/html/html/icons-remix.html]
[themesbrand.com/hybrix/html/html/icons-boxicons.html]
[themesbrand.com/hybrix/html/html/icons-materialdesign.html]
[themesbrand.com/hybrix/html/html/icons-bootstrap.html]
[themesbrand.com/hybrix/html/html/icons-phosphor.html]
[themesbrand.com/hybrix/html/html/maps-google.html]
[themesbrand.com/hybrix/html/html/maps-vector.html]
[themesbrand.com/hybrix/html/html/maps-leaflet.html]
[themesbrand.com/hybrix/html/html/assets/images/overview.png]
[themesbrand.com/hybrix/html/html/components.html]
[themesbrand.com/hybrix/html/html/assets/libs/fullcalendar/main.min.css]
[themesbrand.com/hybrix/html/html/assets/libs/fullcalendar/main.min.js]
[themesbrand.com/hybrix/html/html/apps-calendar.html]
[themesbrand.com/hybrix/html/html/assets/js/pages/calendar.init.js]
[themesbrand.com/hybrix/html/html/assets/libs/sweetalert2/sweetalert2.min.css]
[themesbrand.com/hybrix/html/html/assets/libs/list.js/list.min.js]
[themesbrand.com/hybrix/html/html/assets/libs/list.pagination.js/list.pagination.min.js]
[themesbrand.com/hybrix/html/html/assets/libs/sweetalert2/sweetalert2.min.js]
[themesbrand.com/hybrix/html/html/apps-api-key.html]
[themesbrand.com/hybrix/html/html/assets/js/pages/api-key.init.js]
[themesbrand.com/hybrix/html/html/assets/libs/gridjs/theme/mermaid.min.css]
[themesbrand.com/hybrix/html/html/assets/libs/prismjs/prism.js]
[themesbrand.com/hybrix/html/html/assets/libs/gridjs/gridjs.umd.js]
[themesbrand.com/hybrix/html/html/apps-contact.html]
[themesbrand.com/hybrix/html/html/assets/js/pages/contact.init.js]
[themesbrand.com/hybrix/html/html/assets/js/pages/leaderboard.init.js]
[themesbrand.com/hybrix/html/html/apps-leaderboards.html]
[themesbrand.com/hybrix/html/html/layouts-horizontal.html]
[themesbrand.com/hybrix/html/html/layouts-detached.html]
[themesbrand.com/hybrix/html/html/layouts-two-column.html]
[themesbrand.com/hybrix/html/html/layouts-vertical-hovered.html]
[themesbrand.com/hybrix/html/html/assets/fonts/materialdesignicons-webfont1d2d.html]
[themesbrand.com/hybrix/html/html/assets/fonts/boxicons.html]
[themesbrand.com/hybrix/html/html/assets/fonts/boxiconsd41d.svg]
[themesbrand.com/hybrix/html/html/assets/fonts/remixicondf6d.html]
[themesbrand.com/hybrix/html/html/assets/fonts/remixicondf6d.svg]
[themesbrand.com/hybrix/html/html/assets/fonts/bootstrap-iconsbf04.html]
[themesbrand.com/hybrix/html/html/assets/libs/glightbox/css/glightbox.min.css]
[themesbrand.com/hybrix/html/html/assets/images/svg/crypto-icons/btc.svg]
[themesbrand.com/hybrix/html/html/assets/images/svg/crypto-icons/eth.svg]
[themesbrand.com/hybrix/html/html/assets/images/svg/crypto-icons/ltc.svg]
[themesbrand.com/hybrix/html/html/assets/images/svg/crypto-icons/dash.svg]
[themesbrand.com/hybrix/html/html/ui-alerts.html]
[themesbrand.com/hybrix/html/html/ui-badges.html]
[themesbrand.com/hybrix/html/html/ui-buttons.html]
[themesbrand.com/hybrix/html/html/ui-colors.html]
[themesbrand.com/hybrix/html/html/assets/libs/masonry-layout/masonry.pkgd.min.js]
[themesbrand.com/hybrix/html/html/assets/js/pages/card.init.js]
[themesbrand.com/hybrix/html/html/ui-cards.html]
[themesbrand.com/hybrix/html/html/ui-carousel.html]
[themesbrand.com/hybrix/html/html/ui-dropdowns.html]
[themesbrand.com/hybrix/html/html/ui-grid.html]
[themesbrand.com/hybrix/html/html/ui-images.html]
[themesbrand.com/hybrix/html/html/ui-tabs.html]
[themesbrand.com/hybrix/html/html/ui-accordions.html]
[themesbrand.com/hybrix/html/html/assets/images/modals/success-payment.png]
[themesbrand.com/hybrix/html/html/assets/images/modals/login.png]
[themesbrand.com/hybrix/html/html/assets/images/modals/subscribe.png]
[themesbrand.com/hybrix/html/html/assets/images/auth-one-bg.jpg]
[themesbrand.com/hybrix/html/html/assets/images/modals/signup.png]
[cdn.lordicon.com/mssddfmo.js]
[themesbrand.com/hybrix/html/html/assets/js/pages/modal.init.js]
[themesbrand.com/hybrix/html/html/ui-modals.html]
[themesbrand.com/hybrix/html/html/ui-offcanvas.html]
[themesbrand.com/hybrix/html/html/ui-placeholders.html]
[themesbrand.com/hybrix/html/html/ui-progress.html]
[themesbrand.com/hybrix/html/html/assets/js/pages/notifications.init.js]
[themesbrand.com/hybrix/html/html/ui-notifications.html]
[themesbrand.com/hybrix/html/html/ui-media.html]
[themesbrand.com/hybrix/html/html/ui-embed-video.html]
[themesbrand.com/hybrix/html/html/ui-typography.html]
[themesbrand.com/hybrix/html/html/ui-lists.html]
[themesbrand.com/hybrix/html/html/ui-general.html]
[themesbrand.com/hybrix/html/html/ui-utilities.html]
[themesbrand.com/hybrix/html/html/assets/images/sweetalert2/success-message.png]
[themesbrand.com/hybrix/html/html/assets/images/sweetalert2/error-message.png]
[themesbrand.com/hybrix/html/html/assets/images/sweetalert2/warning-message.png]
[themesbrand.com/hybrix/html/html/assets/images/sweetalert2/join-community.png]
[themesbrand.com/hybrix/html/html/assets/images/sweetalert2/email-verify.png]
[themesbrand.com/hybrix/html/html/assets/images/sweetalert2/notification-message.png]
[themesbrand.com/hybrix/html/html/advance-ui-sweetalerts.html]
[themesbrand.com/hybrix/html/html/assets/js/pages/sweetalerts.init.js]
[themesbrand.com/hybrix/html/html/assets/libs/sortablejs/Sortable.min.js]
[themesbrand.com/hybrix/html/html/assets/js/pages/nestable.init.js]
[themesbrand.com/hybrix/html/html/advance-ui-nestable.html]
[themesbrand.com/hybrix/html/html/advance-ui-scrollbar.html]
[themesbrand.com/hybrix/html/html/assets/js/pages/swiper.init.js]
[themesbrand.com/hybrix/html/html/advance-ui-swiper.html]
[themesbrand.com/hybrix/html/html/assets/libs/rater-js/index.js]
[themesbrand.com/hybrix/html/html/assets/js/pages/rating.init.js]
[themesbrand.com/hybrix/html/html/advance-ui-ratings.html]
[themesbrand.com/hybrix/html/html/advance-ui-highlight.html]
[themesbrand.com/hybrix/html/html/advance-ui-scrollspy.html]
[themesbrand.com/hybrix/html/html/ui-ribbons.html]
[themesbrand.com/hybrix/html/html/ui-profile.html]
[themesbrand.com/hybrix/html/html/ui-counter.html]
[themesbrand.com/hybrix/html/html/forms-elements.html]
[themesbrand.com/hybrix/html/html/forms-select.html]
[themesbrand.com/hybrix/html/html/forms-checkboxs-radios.html]
[themesbrand.com/hybrix/html/html/assets/libs/@simonwep/pickr/themes/monolith.min.css]
[themesbrand.com/hybrix/html/html/assets/libs/@simonwep/pickr/themes/classic.min.css]
[themesbrand.com/hybrix/html/html/assets/libs/@simonwep/pickr/themes/nano.min.css]
[themesbrand.com/hybrix/html/html/assets/libs/@simonwep/pickr/pickr.min.js]
[themesbrand.com/hybrix/html/html/assets/js/pages/form-pickers.init.js]
[themesbrand.com/hybrix/html/html/forms-pickers.html]
[themesbrand.com/hybrix/html/html/assets/libs/cleave.js/cleave.min.js]
[themesbrand.com/hybrix/html/html/assets/js/pages/form-masks.init.js]
[themesbrand.com/hybrix/html/html/forms-masks.html]
[themesbrand.com/hybrix/html/html/assets/libs/multi.js/multi.min.css]
[themesbrand.com/hybrix/html/html/assets/libs/@tarekraafat/autocomplete.js/css/autoComplete.css]
[themesbrand.com/hybrix/html/html/assets/libs/multi.js/multi.min.js]
[themesbrand.com/hybrix/html/html/assets/libs/@tarekraafat/autocomplete.js/autoComplete.min.js]
[themesbrand.com/hybrix/html/html/assets/js/pages/form-advanced.init.js]
[themesbrand.com/hybrix/html/html/assets/js/pages/form-input-spin.init.js]
[themesbrand.com/hybrix/html/html/assets/js/pages/flag-input.init.js]
[themesbrand.com/hybrix/html/html/forms-advanced.html]
[themesbrand.com/hybrix/html/html/assets/libs/nouislider/nouislider.min.css]
[themesbrand.com/hybrix/html/html/assets/libs/nouislider/nouislider.min.js]
[themesbrand.com/hybrix/html/html/assets/libs/wnumb/wNumb.min.js]
[themesbrand.com/hybrix/html/html/forms-range-sliders.html]
[themesbrand.com/hybrix/html/html/assets/js/pages/range-sliders.init.js]
[themesbrand.com/hybrix/html/html/forms-validation.html]
[themesbrand.com/hybrix/html/html/assets/js/pages/form-wizard.init.js]
[themesbrand.com/hybrix/html/html/forms-wizard.html]
[themesbrand.com/hybrix/html/html/assets/js/pages/form-editor.init.js]
[themesbrand.com/hybrix/html/html/forms-editors.html]
[themesbrand.com/hybrix/html/html/assets/libs/dropzone/dropzone.css]
[themesbrand.com/hybrix/html/html/assets/images/new-document.png]
[themesbrand.com/hybrix/html/html/assets/libs/dropzone/dropzone-min.js]
[themesbrand.com/hybrix/html/html/assets/js/pages/form-file-upload.init.js]
[themesbrand.com/hybrix/html/html/forms-file-uploads.html]
[themesbrand.com/hybrix/html/html/forms-layouts.html]
[themesbrand.com/hybrix/html/html/assets/libs/tom-select/css/tom-select.bootstrap5.min.css]
[cdn1.iconfinder.com/data/icons/logotypes/32/702303.png]
[themesbrand.com/hybrix/html/html/assets/libs/@ckeditor/ckeditor5-build-classic/build/ckeditor.js]
[cdn0.iconfinder.com/data/icons/flat-round-system/512/787258.png]
[cdn0.iconfinder.com/data/icons/flat-round-system/512/787265.png]
[themesbrand.com/hybrix/html/html/assets/libs/tom-select/js/tom-select.complete.min.js]
[themesbrand.com/hybrix/html/html/assets/libs/tom-select/js/plugins/remove_button.js]
[themesbrand.com/hybrix/html/html/assets/js/pages/tom-select.init.js]
[themesbrand.com/hybrix/html/html/forms-tom-select.html]
[themesbrand.com/hybrix/html/html/tables-basic.html]
[themesbrand.com/hybrix/html/html/assets/js/pages/gridjs.init.js]
[themesbrand.com/hybrix/html/html/tables-gridjs.html]
[themesbrand.com/hybrix/html/html/tables-listjs.html]
[themesbrand.com/hybrix/html/html/assets/js/pages/listjs.init.js]
[cdn.datatables.net/1.11.5/css/dataTables.bootstrap5.min.css]
[cdn.datatables.net/responsive/2.2.9/css/responsive.bootstrap.min.css]
[cdn.datatables.net/buttons/2.2.2/css/buttons.dataTables.min.css]
[code.jquery.com/jquery-3.6.0.min.js]
[cdn.datatables.net/1.11.5/js/jquery.dataTables.min.js]
[cdn.datatables.net/1.11.5/js/dataTables.bootstrap5.min.js]
[cdn.datatables.net/responsive/2.2.9/js/dataTables.responsive.min.js]
[cdn.datatables.net/buttons/2.2.2/js/dataTables.buttons.min.js]
[cdn.datatables.net/buttons/2.2.2/js/buttons.print.min.js]
[cdn.datatables.net/buttons/2.2.2/js/buttons.html5.min.js]
[cdnjs.cloudflare.com/ajax/libs/pdfmake/0.1.53/vfs_fonts.js]
[cdnjs.cloudflare.com/ajax/libs/jszip/3.1.3/jszip.min.js]
[cdnjs.cloudflare.com/ajax/libs/pdfmake/0.1.53/pdfmake.min.js]
[themesbrand.com/hybrix/html/html/assets/js/pages/datatables.init.js]
[themesbrand.com/hybrix/html/html/tables-datatables.html]
[apexcharts.com/samples/assets/stock-prices.js]
[themesbrand.com/hybrix/html/html/charts-apex-line.html]
[themesbrand.com/hybrix/html/html/assets/js/pages/apexcharts-line.init.js]
[apexcharts.com/samples/assets/github-data.js]
[apexcharts.com/samples/assets/irregular-data-series.js]
[themesbrand.com/hybrix/html/html/assets/libs/moment/moment.js]
[themesbrand.com/hybrix/html/html/charts-apex-area.html]
[themesbrand.com/hybrix/html/html/assets/js/pages/apexcharts-area.init.js]
[cdnjs.cloudflare.com/ajax/libs/dayjs/1.11.0/dayjs.min.js]
[cdnjs.cloudflare.com/ajax/libs/dayjs/1.11.0/plugin/quarterOfYear.min.js]
[themesbrand.com/hybrix/html/html/charts-apex-column.html]
[themesbrand.com/hybrix/html/html/assets/js/pages/apexcharts-column.init.js]
[themesbrand.com/hybrix/html/html/charts-apex-bar.html]
[themesbrand.com/hybrix/html/html/assets/js/pages/apexcharts-bar.init.js]
[themesbrand.com/hybrix/html/html/assets/js/pages/apexcharts-mixed.init.js]
[themesbrand.com/hybrix/html/html/charts-apex-mixed.html]
[themesbrand.com/hybrix/html/html/assets/libs/moment/min/moment.min.js]
[themesbrand.com/hybrix/html/html/assets/js/pages/apexcharts-timeline.init.js]
[themesbrand.com/hybrix/html/html/charts-apex-timeline.html]
[apexcharts.com/samples/assets/ohlc.js]
[cdnjs.cloudflare.com/ajax/libs/dayjs/1.8.17/dayjs.min.js]
[themesbrand.com/hybrix/html/html/charts-apex-candlestick.html]
[themesbrand.com/hybrix/html/html/assets/js/pages/apexcharts-candlestick.init.js]
[themesbrand.com/hybrix/html/html/assets/js/pages/apexcharts-boxplot.init.js]
[themesbrand.com/hybrix/html/html/charts-apex-boxplot.html]
[themesbrand.com/hybrix/html/html/assets/js/pages/apexcharts-bubble.init.js]
[themesbrand.com/hybrix/html/html/charts-apex-bubble.html]
[themesbrand.com/hybrix/html/html/assets/js/pages/apexcharts-scatter.init.js]
[themesbrand.com/hybrix/html/html/charts-apex-scatter.html]
[themesbrand.com/hybrix/html/html/assets/js/pages/apexcharts-heatmap.init.js]
[themesbrand.com/hybrix/html/html/charts-apex-heatmap.html]
[themesbrand.com/hybrix/html/html/assets/js/pages/apexcharts-treemap.init.js]
[themesbrand.com/hybrix/html/html/charts-apex-treemap.html]
[themesbrand.com/hybrix/html/html/assets/js/pages/apexcharts-pie.init.js]
[themesbrand.com/hybrix/html/html/charts-apex-pie.html]
[themesbrand.com/hybrix/html/html/assets/js/pages/apexcharts-radialbar.init.js]
[themesbrand.com/hybrix/html/html/charts-apex-radialbar.html]
[themesbrand.com/hybrix/html/html/assets/js/pages/apexcharts-radar.init.js]
[themesbrand.com/hybrix/html/html/charts-apex-radar.html]
[themesbrand.com/hybrix/html/html/assets/js/pages/apexcharts-polararea.init.js]
[themesbrand.com/hybrix/html/html/charts-apex-polar.html]
[themesbrand.com/hybrix/html/html/icons-remix.html]
[themesbrand.com/hybrix/html/html/assets/js/pages/remix-icons-listing.js]
[themesbrand.com/hybrix/html/html/icons-boxicons.html]
[themesbrand.com/hybrix/html/html/icons-materialdesign.html]
[themesbrand.com/hybrix/html/html/assets/js/pages/materialdesign.list.js]
[themesbrand.com/hybrix/html/html/icons-bootstrap.html]
[themesbrand.com/hybrix/html/html/assets/js/pages/bootstrap-icons.init.js]
[themesbrand.com/hybrix/html/html/icons-phosphor.html]
[themesbrand.com/hybrix/html/html/assets/js/pages/phosphor-icons.init.js]
[themesbrand.com/hybrix/html/html/assets/libs/gmaps/gmaps.min.js]
[themesbrand.com/hybrix/html/html/assets/js/pages/gmaps.init.js]
[themesbrand.com/hybrix/html/html/maps-google.html]
[themesbrand.com/hybrix/html/html/assets/libs/jsvectormap/maps/canada.js]
[themesbrand.com/hybrix/html/html/assets/libs/jsvectormap/maps/russia.js]
[themesbrand.com/hybrix/html/html/assets/libs/jsvectormap/maps/spain.js]
[themesbrand.com/hybrix/html/html/assets/js/pages/vector-maps.init.js]
[themesbrand.com/hybrix/html/html/maps-vector.html]
[themesbrand.com/hybrix/html/html/assets/libs/leaflet/leaflet.css]
[themesbrand.com/hybrix/html/html/assets/libs/leaflet/leaflet.js]
[themesbrand.com/hybrix/html/html/assets/js/pages/leaflet-us-states.js]
[themesbrand.com/hybrix/html/html/assets/js/pages/leaflet-map.init.js]
[themesbrand.com/hybrix/html/html/maps-leaflet.html]
[themesbrand.com/hybrix/html/html/assets/libs/fullcalendar/main.min.css]
[themesbrand.com/hybrix/html/html/assets/libs/sweetalert2/sweetalert2.min.css]
[themesbrand.com/hybrix/html/html/assets/libs/gridjs/theme/mermaid.min.css]
[themesbrand.com/hybrix/html/html/assets/libs/@simonwep/pickr/themes/classic.min.css]
[themesbrand.com/hybrix/html/html/assets/libs/@simonwep/pickr/themes/monolith.min.css]
[themesbrand.com/hybrix/html/html/assets/libs/@simonwep/pickr/themes/nano.min.css]
[themesbrand.com/hybrix/html/html/assets/libs/multi.js/multi.min.css]
[themesbrand.com/hybrix/html/html/assets/libs/@tarekraafat/autocomplete.js/css/autoComplete.css]
[themesbrand.com/hybrix/html/html/assets/libs/nouislider/nouislider.min.css]
[themesbrand.com/hybrix/html/html/assets/libs/dropzone/dropzone.css]
[themesbrand.com/hybrix/html/html/assets/libs/tom-select/css/tom-select.bootstrap5.min.css]
[themesbrand.com/hybrix/html/html/assets/images/flags/ac.svg]
[themesbrand.com/hybrix/html/html/assets/images/flags/ad.svg]
[themesbrand.com/hybrix/html/html/assets/images/flags/af.svg]
[themesbrand.com/hybrix/html/html/assets/images/flags/ag.svg]
[themesbrand.com/hybrix/html/html/assets/images/flags/ai.svg]
[themesbrand.com/hybrix/html/html/assets/images/flags/am.svg]
[themesbrand.com/hybrix/html/html/assets/images/flags/ao.svg]
[themesbrand.com/hybrix/html/html/assets/images/flags/aq.svg]
[themesbrand.com/hybrix/html/html/assets/images/flags/ar.svg]
[themesbrand.com/hybrix/html/html/assets/images/flags/as.svg]
[themesbrand.com/hybrix/html/html/assets/images/flags/at.svg]
[themesbrand.com/hybrix/html/html/assets/images/flags/au.svg]
[cdn.datatables.net/1.11.5/css/dataTables.bootstrap5.min.css]
[cdn.datatables.net/responsive/2.2.9/css/responsive.bootstrap.min.css]
[cdn.datatables.net/buttons/2.2.2/css/buttons.dataTables.min.css]
[themesbrand.com/hybrix/html/html/assets/images/svg/crypto-icons/xmr.svg]
[themesbrand.com/hybrix/html/html/assets/images/svg/crypto-icons/ant.svg]
[themesbrand.com/hybrix/html/html/assets/images/svg/crypto-icons/sol.svg]
[themesbrand.com/hybrix/html/html/assets/images/svg/crypto-icons/fil.svg]
[themesbrand.com/hybrix/html/html/assets/images/svg/crypto-icons/aave.svg]
[themesbrand.com/hybrix/html/html/assets/images/svg/crypto-icons/ada.svg]
[themesbrand.com/hybrix/html/html/assets/libs/leaflet/images/layers.png]
[themesbrand.com/hybrix/html/html/assets/libs/leaflet/images/layers-2x.png]
[themesbrand.com/hybrix/html/html/assets/libs/leaflet/images/marker-icon.png]
[themesbrand.com/hybrix/html/html/assets/libs/leaflet/leaflet.css]
[themesbrand.com/hybrix/html/html/assets/libs/@tarekraafat/autocomplete.js/css/images/search.svg]
